error: expression should be a ==, >= or <= comparison
 --> tests/compile-tests/bad_nested.rs:7:8
  |
7 |     c!(x + y - (4 >= 1 - z));
  |        ^^^^^^^^^^^^^^^^^^^^

error[E0369]: binary operation `==` cannot be applied to type `Expr`
 --> tests/compile-tests/bad_nested.rs:6:14
  |
6 |     c!(x + y == 2 == 1 - z);
  |        ----- ^^ - {integer}
  |        |
  |        Expr
  |
note: the foreign item type `Expr` doesn't implement `PartialEq<{integer}>`
 --> src/expr.rs
  |
  | pub enum Expr {
  | ^^^^^^^^^^^^^ not implement `PartialEq<{integer}>`

error[E0369]: binary operation `>=` cannot be applied to type `Expr`
 --> tests/compile-tests/bad_nested.rs:8:14
  |
8 |     c!(x + y >= 1 - z >= 43);
  |        ----- ^^ ----- _
  |        |
  |        Expr
  |
note: the foreign item type `Expr` doesn't implement `PartialOrd<_>`
 --> src/expr.rs
  |
  | pub enum Expr {
  | ^^^^^^^^^^^^^ not implement `PartialOrd<_>`
