error: use of deprecated associated function `grb::callback::MIPSolCtx::<'a>::add_cut`: This method does nothing, use `MIPNodeCtx::add_cut` instead.
  --> $DIR/user_cuts_deprecated.rs:10:13
   |
10 |         ctx.add_cut(c!(0 == 0))?;
   |             ^^^^^^^
   |
note: the lint level is defined here
  --> $DIR/user_cuts_deprecated.rs:1:9
   |
1  | #![deny(deprecated)]
   |         ^^^^^^^^^^
